
> babylon-project@0.1.0 load:soft-chat
> vitest run backend/test/soft-chat-load.e2e.test.ts --reporter=verbose


[1m[30m[46m RUN [49m[39m[22m [36mv4.1.10 [39m[90m/tmp/nb-20260902-b01-crosshost-factorial-001-vm-root/babylon-project[39m

 [31m×[39m backend/test/soft-chat-load.e2e.test.ts[2m > [22mSoft Chat production-path capacity[2m > [22mramps virtual authenticated clients and stops conservatively[33m 12732[2mms[22m[39m
[31m   → expected false to be true // Object.is equality[39m

[31m⎯⎯⎯⎯⎯⎯⎯[39m[1m[41m Failed Tests 1 [49m[22m[31m⎯⎯⎯⎯⎯⎯⎯[39m

[41m[1m FAIL [22m[49m backend/test/soft-chat-load.e2e.test.ts[2m > [22mSoft Chat production-path capacity[2m > [22mramps virtual authenticated clients and stops conservatively
[31m[1mAssertionError[22m: expected false to be true // Object.is equality[39m

[32m- Expected[39m
[31m+ Received[39m

[32m- true[39m
[31m+ false[39m

[36m [2m❯[22m backend/test/soft-chat-load.e2e.test.ts:[2m1343:64[22m[39m
    [90m1341|[39m       )[33m;[39m
    [90m1342|[39m       [34mexpect[39m(stages[33m.[39mlength)[33m.[39m[34mtoBeGreaterThan[39m([34m0[39m)[33m;[39m
    [90m1343|[39m       expect(stages.every((stage) => stage.result === 'PASS')).toBe(tr…
    [90m   |[39m                                                                [31m^[39m
    [90m1344|[39m     }[33m,[39m
    [90m1345|[39m     [34m30[39m [33m*[39m [34m60_000[39m[33m,[39m

[31m[2m⎯⎯⎯⎯⎯⎯⎯⎯⎯⎯⎯⎯⎯⎯⎯⎯⎯⎯⎯⎯⎯⎯⎯⎯[1/1]⎯[22m[39m


[2m Test Files [22m [1m[31m1 failed[39m[22m[90m (1)[39m
[2m      Tests [22m [1m[31m1 failed[39m[22m[90m (1)[39m
[2m   Start at [22m 00:12:30
[2m   Duration [22m 15.82s[2m (transform 187ms, setup 0ms, import 1.06s, tests 14.54s, environment 0ms)[22m

